// Jest Snapshot v1, https://goo.gl/fbAQLP

exports[`CoreJsIviewsModal Should render correctly 1`] = `<div />`;
