// Jest Snapshot v1, https://goo.gl/fbAQLP

exports[`PreScreeningIviewModal Should render correctly 1`] = `<div />`;
