// Jest Snapshot v1, https://goo.gl/fbAQLP

exports[`PublicFeedbackModal Should render correctly 1`] = `<div />`;
