// Jest Snapshot v1, https://goo.gl/fbAQLP

exports[`AboutCard Should render correctly if "data" is not present 1`] = `
<div>
  <div
    class="ant-card ant-card-bordered css-dev-only-do-not-override-1v2lwm6"
  >
    <div
      class="ant-card-head"
    >
      <div
        class="ant-card-head-wrapper"
      >
        <div
          class="ant-card-head-title"
        >
          <h2
            class="ant-typography ant-typography-ellipsis ant-typography-single-line ant-typography-ellipsis-single-line css-dev-only-do-not-override-1v2lwm6"
            style="font-size: 16px; margin-bottom: 0px; display: flex; align-items: center; justify-content: space-between;"
          >
            <span>
              <span
                aria-label="info-circle"
                class="anticon anticon-info-circle"
                role="img"
              >
                <svg
                  aria-hidden="true"
                  data-icon="info-circle"
                  fill="currentColor"
                  focusable="false"
                  height="1em"
                  viewBox="64 64 896 896"
                  width="1em"
                >
                  <path
                    d="M512 64C264.6 64 64 264.6 64 512s200.6 448 448 448 448-200.6 448-448S759.4 64 512 64zm0 820c-205.4 0-372-166.6-372-372s166.6-372 372-372 372 166.6 372 372-166.6 372-372 372z"
                  />
                  <path
                    d="M464 336a48 48 0 1096 0 48 48 0 10-96 0zm72 112h-48c-4.4 0-8 3.6-8 8v272c0 4.4 3.6 8 8 8h48c4.4 0 8-3.6 8-8V456c0-4.4-3.6-8-8-8z"
                  />
                </svg>
              </span>
               
              About
            </span>
          </h2>
        </div>
      </div>
    </div>
    <div
      class="ant-card-body"
    >
      <div
        class="css-dev-only-do-not-override-1v2lwm6 ant-empty ant-empty-normal"
      >
        <div
          class="ant-empty-image"
        >
          <svg
            height="41"
            viewBox="0 0 64 41"
            width="64"
            xmlns="http://www.w3.org/2000/svg"
          >
            <g
              fill="none"
              fill-rule="evenodd"
              transform="translate(0 1)"
            >
              <ellipse
                cx="32"
                cy="33"
                fill="#f5f5f5"
                rx="32"
                ry="7"
              />
              <g
                fill-rule="nonzero"
                stroke="#d9d9d9"
              >
                <path
                  d="M55 12.76L44.854 1.258C44.367.474 43.656 0 42.907 0H21.093c-.749 0-1.46.474-1.947 1.257L9 12.761V22h46v-9.24z"
                />
                <path
                  d="M41.613 15.931c0-1.605.994-2.93 2.227-2.931H55v18.137C55 33.26 53.68 35 52.05 35h-40.1C10.32 35 9 33.259 9 31.137V13h11.16c1.233 0 2.227 1.323 2.227 2.928v.022c0 1.605 1.005 2.901 2.237 2.901h14.752c1.232 0 2.237-1.308 2.237-2.913v-.007z"
                  fill="#fafafa"
                />
              </g>
            </g>
          </svg>
        </div>
        <div
          class="ant-empty-description"
        >
          About info isn't written
        </div>
      </div>
    </div>
  </div>
</div>
`;

exports[`AboutCard Should render correctly if "data" is present 1`] = `
<div>
  <div
    class="ant-card ant-card-bordered css-dev-only-do-not-override-1v2lwm6"
  >
    <div
      class="ant-card-head"
    >
      <div
        class="ant-card-head-wrapper"
      >
        <div
          class="ant-card-head-title"
        >
          <h2
            class="ant-typography ant-typography-ellipsis ant-typography-single-line ant-typography-ellipsis-single-line css-dev-only-do-not-override-1v2lwm6"
            style="font-size: 16px; margin-bottom: 0px; display: flex; align-items: center; justify-content: space-between;"
          >
            <span>
              <span
                aria-label="info-circle"
                class="anticon anticon-info-circle"
                role="img"
              >
                <svg
                  aria-hidden="true"
                  data-icon="info-circle"
                  fill="currentColor"
                  focusable="false"
                  height="1em"
                  viewBox="64 64 896 896"
                  width="1em"
                >
                  <path
                    d="M512 64C264.6 64 64 264.6 64 512s200.6 448 448 448 448-200.6 448-448S759.4 64 512 64zm0 820c-205.4 0-372-166.6-372-372s166.6-372 372-372 372 166.6 372 372-166.6 372-372 372z"
                  />
                  <path
                    d="M464 336a48 48 0 1096 0 48 48 0 10-96 0zm72 112h-48c-4.4 0-8 3.6-8 8v272c0 4.4 3.6 8 8 8h48c4.4 0 8-3.6 8-8V456c0-4.4-3.6-8-8-8z"
                  />
                </svg>
              </span>
               
              About
            </span>
          </h2>
        </div>
      </div>
    </div>
    <div
      class="ant-card-body"
    >
      <div
        aria-label="Top contributor of Rolling Scopes"
        class="ant-typography ant-typography-ellipsis css-dev-only-do-not-override-1v2lwm6"
      >
        Top contributor of Rolling Scopes
        <span
          aria-hidden="true"
          style="position: fixed; display: block; left: 0px; top: 0px; z-index: -9999; visibility: hidden; pointer-events: none; font-size: 0px; word-break: keep-all; white-space: nowrap;"
        >
          lg
        </span>
        <span
          aria-hidden="true"
          style="position: fixed; display: block; left: 0px; top: 0px; z-index: -9999; visibility: hidden; pointer-events: none; font-size: 0px; width: 0px; white-space: normal; margin: 0px; padding: 0px;"
        >
          <span
            aria-hidden="true"
          >
            ...
          </span>
          <a
            aria-label="Expand"
            class="ant-typography-expand"
          >
            Expand
          </a>
        </span>
      </div>
    </div>
  </div>
</div>
`;
