// Jest Snapshot v1, https://goo.gl/fbAQLP

exports[`ContactsCardForm Should render correctly if "contacts" is empty 1`] = `
<div>
  <form
    class="ant-form ant-form-horizontal css-dev-only-do-not-override-w8mnev"
  >
    <div
      class="ant-list ant-list-split css-dev-only-do-not-override-w8mnev"
    >
      <div
        class="ant-spin-nested-loading css-dev-only-do-not-override-w8mnev"
      >
        <div
          class="ant-spin-container"
        >
          <div
            class="ant-list-empty-text"
          >
            <div
              class="css-dev-only-do-not-override-w8mnev ant-empty ant-empty-normal"
            >
              <div
                class="ant-empty-image"
              >
                <svg
                  height="41"
                  viewBox="0 0 64 41"
                  width="64"
                  xmlns="http://www.w3.org/2000/svg"
                >
                  <g
                    fill="none"
                    fill-rule="evenodd"
                    transform="translate(0 1)"
                  >
                    <ellipse
                      cx="32"
                      cy="33"
                      fill="#f5f5f5"
                      rx="32"
                      ry="7"
                    />
                    <g
                      fill-rule="nonzero"
                      stroke="#d9d9d9"
                    >
                      <path
                        d="M55 12.76L44.854 1.258C44.367.474 43.656 0 42.907 0H21.093c-.749 0-1.46.474-1.947 1.257L9 12.761V22h46v-9.24z"
                      />
                      <path
                        d="M41.613 15.931c0-1.605.994-2.93 2.227-2.931H55v18.137C55 33.26 53.68 35 52.05 35h-40.1C10.32 35 9 33.259 9 31.137V13h11.16c1.233 0 2.227 1.323 2.227 2.928v.022c0 1.605 1.005 2.901 2.237 2.901h14.752c1.232 0 2.237-1.308 2.237-2.913v-.007z"
                        fill="#fafafa"
                      />
                    </g>
                  </g>
                </svg>
              </div>
              <div
                class="ant-empty-description"
              >
                No data
              </div>
            </div>
          </div>
        </div>
      </div>
    </div>
  </form>
</div>
`;

exports[`ContactsCardForm Should render correctly if "contacts" is not empty 1`] = `
<div>
  <form
    class="ant-form ant-form-horizontal css-dev-only-do-not-override-w8mnev"
  >
    <div
      class="ant-list ant-list-split css-dev-only-do-not-override-w8mnev"
    >
      <div
        class="ant-spin-nested-loading css-dev-only-do-not-override-w8mnev"
      >
        <div
          class="ant-spin-container"
        >
          <ul
            class="ant-list-items"
          >
            <li
              class="ant-list-item"
            >
              <label
                style="width: 100%;"
              >
                <span
                  class="ant-typography css-dev-only-do-not-override-w8mnev"
                  style="font-size: 18px; margin-bottom: 5px; display: inline-block;"
                >
                  <strong>
                    EPAM E-mail
                    :
                  </strong>
                </span>
                <div
                  class="ant-form-item css-dev-only-do-not-override-w8mnev"
                >
                  <div
                    class="ant-row ant-form-item-row css-dev-only-do-not-override-w8mnev"
                  >
                    <div
                      class="ant-col ant-form-item-control css-dev-only-do-not-override-w8mnev"
                    >
                      <div
                        class="ant-form-item-control-input"
                      >
                        <div
                          class="ant-form-item-control-input-content"
                        >
                          <input
                            class="ant-input css-dev-only-do-not-override-w8mnev"
                            id="epamEmail"
                            style="width: 100%;"
                            type="text"
                            value="epamEmail"
                          />
                        </div>
                      </div>
                    </div>
                  </div>
                </div>
              </label>
            </li>
            <li
              class="ant-list-item"
            >
              <label
                style="width: 100%;"
              >
                <span
                  class="ant-typography css-dev-only-do-not-override-w8mnev"
                  style="font-size: 18px; margin-bottom: 5px; display: inline-block;"
                >
                  <strong>
                    E-mail
                    :
                  </strong>
                </span>
                <div
                  class="ant-form-item css-dev-only-do-not-override-w8mnev"
                >
                  <div
                    class="ant-row ant-form-item-row css-dev-only-do-not-override-w8mnev"
                  >
                    <div
                      class="ant-col ant-form-item-control css-dev-only-do-not-override-w8mnev"
                    >
                      <div
                        class="ant-form-item-control-input"
                      >
                        <div
                          class="ant-form-item-control-input-content"
                        >
                          <input
                            class="ant-input css-dev-only-do-not-override-w8mnev"
                            id="email"
                            style="width: 100%;"
                            type="text"
                            value="email"
                          />
                        </div>
                      </div>
                    </div>
                  </div>
                </div>
              </label>
            </li>
          </ul>
        </div>
      </div>
    </div>
  </form>
</div>
`;
