// Jest Snapshot v1, https://goo.gl/fbAQLP

exports[`CoreJSIviewsCard should render correctly 1`] = `
<div>
  <div
    class="ant-card ant-card-bordered css-dev-only-do-not-override-nnuwmp"
  >
    <div
      class="ant-card-head"
    >
      <div
        class="ant-card-head-wrapper"
      >
        <div
          class="ant-card-head-title"
        >
          <h2
            class="ant-typography ant-typography-ellipsis ant-typography-single-line ant-typography-ellipsis-single-line css-dev-only-do-not-override-nnuwmp"
            style="font-size: 16px; margin-bottom: 0px; display: flex; align-items: center; justify-content: space-between;"
          >
            <span>
              <span
                aria-label="question-circle"
                class="anticon anticon-question-circle"
                role="img"
              >
                <svg
                  aria-hidden="true"
                  data-icon="question-circle"
                  fill="currentColor"
                  focusable="false"
                  height="1em"
                  viewBox="64 64 896 896"
                  width="1em"
                >
                  <path
                    d="M512 64C264.6 64 64 264.6 64 512s200.6 448 448 448 448-200.6 448-448S759.4 64 512 64zm0 820c-205.4 0-372-166.6-372-372s166.6-372 372-372 372 166.6 372 372-166.6 372-372 372z"
                  />
                  <path
                    d="M623.6 316.7C593.6 290.4 554 276 512 276s-81.6 14.5-111.6 40.7C369.2 344 352 380.7 352 420v7.6c0 4.4 3.6 8 8 8h48c4.4 0 8-3.6 8-8V420c0-44.1 43.1-80 96-80s96 35.9 96 80c0 31.1-22 59.6-56.1 72.7-21.2 8.1-39.2 22.3-52.1 40.9-13.1 19-19.9 41.8-19.9 64.9V620c0 4.4 3.6 8 8 8h48c4.4 0 8-3.6 8-8v-22.7a48.3 48.3 0 0130.9-44.8c59-22.7 97.1-74.7 97.1-132.5.1-39.3-17.1-76-48.3-103.3zM472 732a40 40 0 1080 0 40 40 0 10-80 0z"
                  />
                </svg>
              </span>
               
              CoreJS Interviews
            </span>
          </h2>
        </div>
      </div>
    </div>
    <div
      class="ant-card-body"
    >
      <div
        class="ant-list ant-list-split css-dev-only-do-not-override-nnuwmp"
      >
        <div
          class="ant-spin-nested-loading css-dev-only-do-not-override-nnuwmp"
        >
          <div
            class="ant-spin-container"
          >
            <ul
              class="ant-list-items"
            >
              <li
                class="ant-list-item"
                style="display: flex; justify-content: space-between;"
              >
                <div
                  style="flex-grow: 2;"
                >
                  <p
                    style="margin-bottom: 5px;"
                  >
                    <span
                      class="ant-typography css-dev-only-do-not-override-nnuwmp"
                    >
                      <strong>
                        rs-2019
                         / minsk
                      </strong>
                    </span>
                  </p>
                  <p
                    style="margin-bottom: 5px;"
                  >
                    CoreJS Interview
                  </p>
                  <p
                    style="font-size: 12px; margin-bottom: 5px;"
                  >
                    Score: 
                    <span
                      class="ant-typography css-dev-only-do-not-override-nnuwmp"
                    >
                      <mark>
                        4
                      </mark>
                    </span>
                  </p>
                  <p
                    style="font-size: 12px; margin-bottom: 5px;"
                  >
                    Interviewer: 
                    <a
                      href="/profile?githubId=dima"
                    >
                      Dzmitry Petrov
                    </a>
                  </p>
                </div>
                <button
                  class="ant-btn css-dev-only-do-not-override-nnuwmp ant-btn-dashed"
                  data-testid="profile-corejs-iview-button"
                  type="button"
                >
                  <span
                    aria-label="fullscreen"
                    class="anticon anticon-fullscreen"
                    role="img"
                  >
                    <svg
                      aria-hidden="true"
                      data-icon="fullscreen"
                      fill="currentColor"
                      focusable="false"
                      height="1em"
                      viewBox="64 64 896 896"
                      width="1em"
                    >
                      <path
                        d="M290 236.4l43.9-43.9a8.01 8.01 0 00-4.7-13.6L169 160c-5.1-.6-9.5 3.7-8.9 8.9L179 329.1c.8 6.6 8.9 9.4 13.6 4.7l43.7-43.7L370 423.7c3.1 3.1 8.2 3.1 11.3 0l42.4-42.3c3.1-3.1 3.1-8.2 0-11.3L290 236.4zm352.7 187.3c3.1 3.1 8.2 3.1 11.3 0l133.7-133.6 43.7 43.7a8.01 8.01 0 0013.6-4.7L863.9 169c.6-5.1-3.7-9.5-8.9-8.9L694.8 179c-6.6.8-9.4 8.9-4.7 13.6l43.9 43.9L600.3 370a8.03 8.03 0 000 11.3l42.4 42.4zM845 694.9c-.8-6.6-8.9-9.4-13.6-4.7l-43.7 43.7L654 600.3a8.03 8.03 0 00-11.3 0l-42.4 42.3a8.03 8.03 0 000 11.3L734 787.6l-43.9 43.9a8.01 8.01 0 004.7 13.6L855 864c5.1.6 9.5-3.7 8.9-8.9L845 694.9zm-463.7-94.6a8.03 8.03 0 00-11.3 0L236.3 733.9l-43.7-43.7a8.01 8.01 0 00-13.6 4.7L160.1 855c-.6 5.1 3.7 9.5 8.9 8.9L329.2 845c6.6-.8 9.4-8.9 4.7-13.6L290 787.6 423.7 654c3.1-3.1 3.1-8.2 0-11.3l-42.4-42.4z"
                      />
                    </svg>
                  </span>
                </button>
              </li>
            </ul>
          </div>
        </div>
      </div>
    </div>
  </div>
</div>
`;
