// Jest Snapshot v1, https://goo.gl/fbAQLP

exports[`MentorStatsModal Should render correctly 1`] = `<div />`;
