// Jest Snapshot v1, https://goo.gl/fbAQLP

exports[`StudentStatsModal Should render correctly 1`] = `<div />`;
